// Jest Snapshot v1, https://goo.gl/fbAQLP

exports[`Test Button renders right 1`] = `
<button
  className="btn btn-test  "
  onClick={[Function]}
>
  <svg
    className="btn__icon"
    viewBox="undefined"
  >
    <use
      xlinkHref="#undefined"
    />
  </svg>
  <span
    className="btn__text"
  >
    Check button
  </span>
</button>
`;
